// Jest Snapshot v1, https://goo.gl/fbAQLP

exports[`ListViewItem renders 1`] = `
<DocumentFragment>
  <div
    class="sc-AxjAm daMWKx"
  >
    <span>
      depth_0+
    </span>
    <div
      class="sc-AxirZ dwcgjc"
    >
      <div
        class="sc-AxjAm daMWKx"
      >
        <span>
          depth_11
        </span>
        <div
          class="sc-AxirZ dwcgjc"
        />
      </div>
      <div
        class="sc-AxjAm daMWKx"
      >
        <span>
          depth12_with_child+
        </span>
        <div
          class="sc-AxirZ dwcgjc"
        >
          <div
            class="sc-AxjAm daMWKx"
          >
            <span>
              depth_2
            </span>
            <div
              class="sc-AxirZ dwcgjc"
            />
          </div>
        </div>
      </div>
    </div>
  </div>
</DocumentFragment>
`;
