// Jest Snapshot v1, https://goo.gl/fbAQLP

exports[`ListView renders 1`] = `
<DocumentFragment>
  <div
    class="flex-column nav"
    data-testid="content-list-menu"
  >
    <div
      class="sc-AxiKw kgbdPq"
    >
      <span>
        Home
      </span>
    </div>
    <div
      class="sc-AxiKw kgbdPq"
    >
      <span>
        About
      </span>
    </div>
    <div
      class="sc-AxiKw kgbdPq"
    >
      <span>
        About2
      </span>
    </div>
    <div
      class="sc-AxiKw kgbdPq"
    >
      <span>
        About3
      </span>
    </div>
    <div
      class="sc-AxiKw kgbdPq"
    >
      <span>
        Test
      </span>
    </div>
    <div
      class="sc-AxiKw kgbdPq"
    >
      <span>
        Test+
      </span>
      <div
        class="sc-AxhCb fawwWB"
      >
        <div />
      </div>
    </div>
    <div
      class="sc-AxiKw kgbdPq"
    >
      <span>
        Test+
      </span>
      <div
        class="sc-AxhCb fawwWB"
      >
        <div />
      </div>
    </div>
    <div
      class="sc-AxiKw kgbdPq"
    >
      <span>
        Test+
      </span>
      <div
        class="sc-AxhCb fawwWB"
      >
        <div />
      </div>
    </div>
    <div
      class="sc-AxiKw kgbdPq"
    >
      <span>
        Test+
      </span>
      <div
        class="sc-AxhCb fawwWB"
      >
        <div>
          <div
            class="sc-AxjAm huDVTX"
          >
            Home
          </div>
          <div
            class="sc-AxjAm huDVTX"
          >
            About
          </div>
        </div>
      </div>
    </div>
    <div
      class="sc-AxiKw kgbdPq"
    >
      <span>
        Test+
      </span>
      <div
        class="sc-AxhCb fawwWB"
      >
        <div>
          <div
            class="sc-AxjAm huDVTX"
          >
            Home
          </div>
          <div
            class="sc-AxjAm huDVTX"
          >
            About
          </div>
        </div>
      </div>
    </div>
    <div
      class="sc-AxiKw kgbdPq"
    >
      <span>
        Test+
      </span>
      <div
        class="sc-AxhCb fawwWB"
      >
        <div>
          <div
            class="sc-AxjAm huDVTX"
          >
            Home
          </div>
          <div
            class="sc-AxjAm huDVTX"
          >
            About
          </div>
        </div>
      </div>
    </div>
    <div
      class="sc-AxiKw kgbdPq"
    >
      <span>
        depth1
      </span>
    </div>
    <div
      class="sc-AxiKw kgbdPq"
    >
      <span>
        depth2+
      </span>
      <div
        class="sc-AxhCb fawwWB"
      >
        <div>
          <div
            class="sc-AxjAm huDVTX"
          >
            depth1
          </div>
        </div>
      </div>
    </div>
    <div
      class="sc-AxiKw kgbdPq"
    >
      <span>
        depth3+
      </span>
      <div
        class="sc-AxhCb fawwWB"
      >
        <div>
          <div
            class="sc-AxjAm huDVTX"
          >
            depth2+
          </div>
          <div
            class="sc-AxirZ dwcgjc"
          >
            <div>
              <div
                class="sc-AxjAm huDVTX"
              >
                depth1
              </div>
            </div>
          </div>
        </div>
      </div>
    </div>
    <div
      class="sc-AxiKw kgbdPq"
    >
      <span>
        depth4+
      </span>
      <div
        class="sc-AxhCb fawwWB"
      >
        <div>
          <div
            class="sc-AxjAm huDVTX"
          >
            depth3+
          </div>
          <div
            class="sc-AxirZ dwcgjc"
          >
            <div>
              <div
                class="sc-AxjAm huDVTX"
              >
                depth2+
              </div>
              <div
                class="sc-AxirZ dwcgjc"
              >
                <div>
                  <div
                    class="sc-AxjAm huDVTX"
                  >
                    depth1
                  </div>
                </div>
              </div>
            </div>
          </div>
          <div
            class="sc-AxjAm huDVTX"
          >
            depth31+
          </div>
          <div
            class="sc-AxirZ dwcgjc"
          >
            <div>
              <div
                class="sc-AxjAm huDVTX"
              >
                depth32
              </div>
            </div>
          </div>
        </div>
      </div>
    </div>
  </div>
</DocumentFragment>
`;
