// Jest Snapshot v1, https://goo.gl/fbAQLP

exports[`ListViewItem renders 1`] = `
<DocumentFragment>
  <div
    class="sc-AxiKw kgbdPq"
  >
    <span>
      Test+
    </span>
    <div
      class="sc-AxhCb fawwWB"
    >
      <div>
        <div
          class="sc-AxjAm huDVTX"
        >
          Home
        </div>
        <div
          class="sc-AxjAm huDVTX"
        >
          About
        </div>
      </div>
    </div>
  </div>
</DocumentFragment>
`;
