// Jest Snapshot v1, https://goo.gl/fbAQLP

exports[`ListViewItem renders 1`] = `
<DocumentFragment>
  <div
    class="item"
  >
    <span>
      depth_0+
    </span>
    <div
      class="wrapperSubmenu"
    >
      <div
        class="item"
      >
        <span>
          depth_11
        </span>
        <div
          class="wrapperSubmenu"
        />
      </div>
      <div
        class="item"
      >
        <span>
          depth12_with_child+
        </span>
        <div
          class="wrapperSubmenu"
        >
          <div
            class="item"
          >
            <span>
              depth_2
            </span>
            <div
              class="wrapperSubmenu"
            />
          </div>
        </div>
      </div>
    </div>
  </div>
</DocumentFragment>
`;
